// Jest Snapshot v1, https://goo.gl/fbAQLP

exports[`Prueba que <GifGridItem/> corra correctamente debe de mostrar <GifGridItem/> correctamente 1`] = `
<div
  className="card animate__animated animate__fadeIn"
>
  <img
    alt="Un titulo"
    src="https://localhost/algo.jpg"
  />
  <p>
    Un titulo
  </p>
</div>
`;
